// Jest Snapshot v1, https://goo.gl/fbAQLP

exports[`test suit for counter component should render properly 1`] = `
Array [
  <div
    className="counter"
  >
    <h1
      className="count"
    />
    <p
      className="name"
    >
      hello
    </p>
    <button
      onClick={[Function]}
    >
      Set name
    </button>
  </div>,
]
`;
